
> vite_react_shadcn_ts@0.0.0 test:smoke
> vitest run src/__tests__/smoke


 RUN  v3.2.4 C:/Projects/azuria

 Ô£ô src/__tests__/smoke/app-smoke.test.tsx (2 tests) 4ms
 Ô£ô src/__tests__/smoke/performance-smoke.test.ts (1 test) 20ms
 Ô£ô src/__tests__/smoke/formatCurrency-smoke.test.ts (1 test) 61ms

 Test Files  3 passed (3)
      Tests  4 passed (4)
   Start at  09:17:52
   Duration  6.00s (transform 207ms, setup 1.52s, collect 380ms, tests 86ms, environment 2.63s, prepare 408ms)

